Invoke-WebRequest : Unable to connect to the remote server
At C:\Users\COMPUMARTS\OneDrive\Desktop\my-react-app\test-crud.ps1:13 
char:14
+ ... loginResp = Invoke-WebRequest -Uri "$BaseUrl/auth/login" -Method 
POST ...
+                 
~~~~~~~~~~~~~~~~~~~~~~~~~~~~~~~~~~~~~~~~~~~~~~~~~~~~~~~~~
    + CategoryInfo          : NotSpecified: (:) [Invoke-WebRequest], W 
   ebException
    + FullyQualifiedErrorId : System.Net.WebException,Microsoft.PowerS 
   hell.Commands.InvokeWebRequestCommand
 
ConvertFrom-Json : Cannot bind argument to parameter 'InputObject' 
because it is null.
At C:\Users\COMPUMARTS\OneDrive\Desktop\my-react-app\test-crud.ps1:14 
char:32
+ $token = ($loginResp.Content | ConvertFrom-Json).accessToken
+                                ~~~~~~~~~~~~~~~~
    + CategoryInfo          : InvalidData: (:) [ConvertFrom-Json], Par 
   ameterBindingValidationException
    + FullyQualifiedErrorId : ParameterArgumentValidationErrorNullNotA 
   llowed,Microsoft.PowerShell.Commands.ConvertFromJsonCommand
 
